[    0.000000] Linux version 4.15.0-163-generic (buildd@lcy01-amd64-021) (gcc version 7.5.0 (Ubuntu 7.5.0-3ubuntu1~18.04)) #171-Ubuntu SMP Fri Nov 5 11:55:11 UTC 2021 (Ubuntu 4.15.0-163.171-generic 4.15.18)
[    0.000000] Command line: BOOT_IMAGE=/boot/vmlinuz-4.15.0-163-generic root=UUID=6cbfb61f-8e79-4adc-86c5-193cd50a6d53 ro console=tty1 console=ttyS0
[    0.000000] KERNEL supported cpus:
[    0.000000]   Intel GenuineIntel
[    0.000000]   AMD AuthenticAMD
[    0.000000]   Centaur CentaurHauls
[    0.000000] x86/fpu: Supporting XSAVE feature 0x001: 'x87 floating point registers'
[    0.000000] x86/fpu: Supporting XSAVE feature 0x002: 'SSE registers'
[    0.000000] x86/fpu: Supporting XSAVE feature 0x004: 'AVX registers'
[    0.000000] x86/fpu: xstate_offset[2]:  576, xstate_sizes[2]:  256
[    0.000000] x86/fpu: Enabled xstate features 0x7, context size is 832 bytes, using 'standard' format.
[    0.000000] e820: BIOS-provided physical RAM map:
[    0.000000] BIOS-e820: [mem 0x0000000000000000-0x000000000009fbff] usable
[    0.000000] BIOS-e820: [mem 0x000000000009fc00-0x000000000009ffff] reserved
[    0.000000] BIOS-e820: [mem 0x00000000000f0000-0x00000000000fffff] reserved
[    0.000000] BIOS-e820: [mem 0x0000000000100000-0x000000001ffeffff] usable
[    0.000000] BIOS-e820: [mem 0x000000001fff0000-0x000000001fffffff] ACPI data
[    0.000000] BIOS-e820: [mem 0x00000000fec00000-0x00000000fec00fff] reserved
[    0.000000] BIOS-e820: [mem 0x00000000fee00000-0x00000000fee00fff] reserved
[    0.000000] BIOS-e820: [mem 0x00000000fffc0000-0x00000000ffffffff] reserved
[    0.000000] NX (Execute Disable) protection: active
[    0.000000] SMBIOS 2.5 present.
[    0.000000] DMI: innotek GmbH VirtualBox/VirtualBox, BIOS VirtualBox 12/01/2006
[    0.000000] Hypervisor detected: KVM
[    0.000000] e820: last_pfn = 0x1fff0 max_arch_pfn = 0x400000000
[    0.000000] MTRR: Disabled
[    0.000000] x86/PAT: MTRRs disabled, skipping PAT initialization too.
[    0.000000] CPU MTRRs all blank - virtualized system.
[    0.000000] x86/PAT: Configuration [0-7]: WB  WT  UC- UC  WB  WT  UC- UC  
[    0.000000] found SMP MP-table at [mem 0x0009fff0-0x0009ffff]
[    0.000000] Scanning 1 areas for low memory corruption
[    0.000000] RAMDISK: [mem 0x1daa1000-0x1ee89fff]
[    0.000000] ACPI: Early table checksum verification disabled
[    0.000000] ACPI: RSDP 0x00000000000E0000 000024 (v02 VBOX  )
[    0.000000] ACPI: XSDT 0x000000001FFF0030 00003C (v01 VBOX   VBOXXSDT 00000001 ASL  00000061)
[    0.000000] ACPI: FACP 0x000000001FFF00F0 0000F4 (v04 VBOX   VBOXFACP 00000001 ASL  00000061)
[    0.000000] ACPI: DSDT 0x000000001FFF0470 0021FF (v02 VBOX   VBOXBIOS 00000002 INTL 20100528)
[    0.000000] ACPI: FACS 0x000000001FFF0200 000040
[    0.000000] ACPI: FACS 0x000000001FFF0200 000040
[    0.000000] ACPI: APIC 0x000000001FFF0240 000054 (v02 VBOX   VBOXAPIC 00000001 ASL  00000061)
[    0.000000] ACPI: SSDT 0x000000001FFF02A0 0001CC (v01 VBOX   VBOXCPUT 00000002 INTL 20100528)
[    0.000000] ACPI: Reserving FACP table memory at [mem 0x1fff00f0-0x1fff01e3]
[    0.000000] ACPI: Reserving DSDT table memory at [mem 0x1fff0470-0x1fff266e]
[    0.000000] ACPI: Reserving FACS table memory at [mem 0x1fff0200-0x1fff023f]
[    0.000000] ACPI: Reserving FACS table memory at [mem 0x1fff0200-0x1fff023f]
[    0.000000] ACPI: Reserving APIC table memory at [mem 0x1fff0240-0x1fff0293]
[    0.000000] ACPI: Reserving SSDT table memory at [mem 0x1fff02a0-0x1fff046b]
[    0.000000] No NUMA configuration found
[    0.000000] Faking a node at [mem 0x0000000000000000-0x000000001ffeffff]
[    0.000000] NODE_DATA(0) allocated [mem 0x1ffc5000-0x1ffeffff]
[    0.000000] kvm-clock: cpu 0, msr 0:1ff44001, primary cpu clock
[    0.000000] kvm-clock: Using msrs 4b564d01 and 4b564d00
[    0.000000] kvm-clock: using sched offset of 3940642921 cycles
[    0.000000] clocksource: kvm-clock: mask: 0xffffffffffffffff max_cycles: 0x1cd42e4dffb, max_idle_ns: 881590591483 ns
[    0.000000] Zone ranges:
[    0.000000]   DMA      [mem 0x0000000000001000-0x0000000000ffffff]
[    0.000000]   DMA32    [mem 0x0000000001000000-0x000000001ffeffff]
[    0.000000]   Normal   empty
[    0.000000]   Device   empty
[    0.000000] Movable zone start for each node
[    0.000000] Early memory node ranges
[    0.000000]   node   0: [mem 0x0000000000001000-0x000000000009efff]
[    0.000000]   node   0: [mem 0x0000000000100000-0x000000001ffeffff]
[    0.000000] Reserved but unavailable: 104 pages
[    0.000000] Initmem setup node 0 [mem 0x0000000000001000-0x000000001ffeffff]
[    0.000000] ACPI: PM-Timer IO Port: 0x4008
[    0.000000] IOAPIC[0]: apic_id 1, version 32, address 0xfec00000, GSI 0-23
[    0.000000] ACPI: INT_SRC_OVR (bus 0 bus_irq 0 global_irq 2 dfl dfl)
[    0.000000] ACPI: INT_SRC_OVR (bus 0 bus_irq 9 global_irq 9 low level)
[    0.000000] Using ACPI (MADT) for SMP configuration information
[    0.000000] smpboot: Allowing 1 CPUs, 0 hotplug CPUs
[    0.000000] PM: Registered nosave memory: [mem 0x00000000-0x00000fff]
[    0.000000] PM: Registered nosave memory: [mem 0x0009f000-0x0009ffff]
[    0.000000] PM: Registered nosave memory: [mem 0x000a0000-0x000effff]
[    0.000000] PM: Registered nosave memory: [mem 0x000f0000-0x000fffff]
[    0.000000] e820: [mem 0x20000000-0xfebfffff] available for PCI devices
[    0.000000] Booting paravirtualized kernel on KVM
[    0.000000] clocksource: refined-jiffies: mask: 0xffffffff max_cycles: 0xffffffff, max_idle_ns: 7645519600211568 ns
[    0.000000] random: get_random_bytes called from start_kernel+0x99/0x500 with crng_init=0
[    0.000000] setup_percpu: NR_CPUS:8192 nr_cpumask_bits:1 nr_cpu_ids:1 nr_node_ids:1
[    0.000000] percpu: Embedded 45 pages/cpu s147456 r8192 d28672 u2097152
[    0.000000] PV qspinlock hash table entries: 256 (order: 0, 4096 bytes)
[    0.000000] Built 1 zonelists, mobility grouping on.  Total pages: 128889
[    0.000000] Policy zone: DMA32
[    0.000000] Kernel command line: BOOT_IMAGE=/boot/vmlinuz-4.15.0-163-generic root=UUID=6cbfb61f-8e79-4adc-86c5-193cd50a6d53 ro console=tty1 console=ttyS0
[    0.000000] Memory: 465932K/523832K available (12300K kernel code, 2483K rwdata, 4320K rodata, 2448K init, 2724K bss, 57900K reserved, 0K cma-reserved)
[    0.000000] SLUB: HWalign=64, Order=0-3, MinObjects=0, CPUs=1, Nodes=1
[    0.000000] Kernel/User page tables isolation: enabled
[    0.000000] ftrace: allocating 39476 entries in 155 pages
[    0.004000] Hierarchical RCU implementation.
[    0.004000] 	RCU restricting CPUs from NR_CPUS=8192 to nr_cpu_ids=1.
[    0.004000] 	Tasks RCU enabled.
[    0.004000] RCU: Adjusting geometry for rcu_fanout_leaf=16, nr_cpu_ids=1
[    0.004000] NR_IRQS: 524544, nr_irqs: 256, preallocated irqs: 16
[    0.004000] Console: colour VGA+ 80x25
[    0.004000] console [tty1] enabled
[    0.004000] console [ttyS0] enabled
[    0.004000] ACPI: Core revision 20170831
[    0.004000] ACPI: 2 ACPI AML tables successfully acquired and loaded
[    0.004000] APIC: Switch to symmetric I/O mode setup
[    0.004000] x2apic enabled
[    0.004000] Switched APIC routing to physical x2apic.
[    0.005265] ..TIMER: vector=0x30 apic1=0 pin1=2 apic2=-1 pin2=-1
[    0.008003] tsc: Detected 2496.002 MHz processor
[    0.010839] Calibrating delay loop (skipped) preset value.. 4992.00 BogoMIPS (lpj=9984008)
[    0.012004] pid_max: default: 32768 minimum: 301
[    0.013078] Security Framework initialized
[    0.013854] Yama: becoming mindful.
[    0.014614] AppArmor: AppArmor initialized
[    0.016088] Dentry cache hash table entries: 65536 (order: 7, 524288 bytes)
[    0.017486] Inode-cache hash table entries: 32768 (order: 6, 262144 bytes)
[    0.019023] Mount-cache hash table entries: 1024 (order: 1, 8192 bytes)
[    0.020026] Mountpoint-cache hash table entries: 1024 (order: 1, 8192 bytes)
[    0.021663] process: using mwait in idle threads
[    0.022553] Last level iTLB entries: 4KB 128, 2MB 8, 4MB 8
[    0.023672] Last level dTLB entries: 4KB 64, 2MB 0, 4MB 0, 1GB 4
[    0.024003] Spectre V1 : Mitigation: usercopy/swapgs barriers and __user pointer sanitization
[    0.025654] Spectre V2 : Mitigation: Full generic retpoline
[    0.026690] Spectre V2 : Spectre v2 / SpectreRSB mitigation: Filling RSB on context switch
[    0.028003] Speculative Store Bypass: Vulnerable
[    0.028956] SRBDS: Unknown: Dependent on hypervisor status
[    0.029960] MDS: Mitigation: Clear CPU buffers
[    0.048656] Freeing SMP alternatives memory: 36K
[    0.163896] smpboot: CPU0: Intel(R) Core(TM) i5-7300HQ CPU @ 2.50GHz (family: 0x6, model: 0x9e, stepping: 0x9)
[    0.164079] Performance Events: unsupported p6 CPU model 158 no PMU driver, software events only.
[    0.166024] Hierarchical SRCU implementation.
[    0.167428] NMI watchdog: Perf event create on CPU 0 failed with -2
[    0.168002] NMI watchdog: Perf NMI watchdog permanently disabled
[    0.169102] smp: Bringing up secondary CPUs ...
[    0.169976] smp: Brought up 1 node, 1 CPU
[    0.170751] smpboot: Max logical packages: 1
[    0.172007] smpboot: Total of 1 processors activated (4992.00 BogoMIPS)
[    0.176145] devtmpfs: initialized
[    0.176964] x86/mm: Memory block size: 128MB
[    0.180197] evm: security.selinux
[    0.184010] evm: security.SMACK64
[    0.184711] evm: security.SMACK64EXEC
[    0.188004] evm: security.SMACK64TRANSMUTE
[    0.188884] evm: security.SMACK64MMAP
[    0.192006] evm: security.apparmor
[    0.196019] evm: security.ima
[    0.196633] evm: security.capability
[    0.197480] clocksource: jiffies: mask: 0xffffffff max_cycles: 0xffffffff, max_idle_ns: 7645041785100000 ns
[    0.200013] futex hash table entries: 256 (order: 2, 16384 bytes)
[    0.201187] pinctrl core: initialized pinctrl subsystem
[    0.204109] RTC time: 15:06:23, date: 12/24/21
[    0.205094] NET: Registered protocol family 16
[    0.208159] audit: initializing netlink subsys (disabled)
[    0.212160] cpuidle: using governor ladder
[    0.216038] audit: type=2000 audit(1640358388.612:1): state=initialized audit_enabled=0 res=1
[    0.220012] cpuidle: using governor menu
[    0.224065] ACPI: bus type PCI registered
[    0.228032] acpiphp: ACPI Hot Plug PCI Controller Driver version: 0.5
[    0.232153] PCI: Using configuration type 1 for base access
[    0.236814] HugeTLB registered 2.00 MiB page size, pre-allocated 0 pages
[    0.240172] ACPI: Added _OSI(Module Device)
[    0.241206] ACPI: Added _OSI(Processor Device)
[    0.244014] ACPI: Added _OSI(3.0 _SCP Extensions)
[    0.247345] ACPI: Added _OSI(Processor Aggregator Device)
[    0.248024] ACPI: Added _OSI(Linux-Dell-Video)
[    0.252009] ACPI: Added _OSI(Linux-Lenovo-NV-HDMI-Audio)
[    0.256005] ACPI: Added _OSI(Linux-HPI-Hybrid-Graphics)
[    0.260341] ACPI: Executed 1 blocks of module-level executable AML code
[    0.266853] ACPI: Interpreter enabled
[    0.267802] ACPI: (supports S0 S5)
[    0.268007] ACPI: Using IOAPIC for interrupt routing
[    0.272382] PCI: Using host bridge windows from ACPI; if necessary, use "pci=nocrs" and report a bug
[    0.276213] ACPI: Enabled 2 GPEs in block 00 to 07
[    0.286124] ACPI: PCI Root Bridge [PCI0] (domain 0000 [bus 00-ff])
[    0.287356] acpi PNP0A03:00: _OSC: OS supports [ASPM ClockPM Segments MSI]
[    0.288038] acpi PNP0A03:00: _OSC: not requesting OS control; OS requires [ExtendedConfig ASPM ClockPM MSI]
[    0.292038] acpi PNP0A03:00: fail to add MMCONFIG information, can't access extended PCI configuration space under this bridge.
[    0.300391] PCI host bridge to bus 0000:00
[    0.304010] pci_bus 0000:00: root bus resource [io  0x0000-0x0cf7 window]
[    0.305265] pci_bus 0000:00: root bus resource [io  0x0d00-0xffff window]
[    0.308003] pci_bus 0000:00: root bus resource [mem 0x000a0000-0x000bffff window]
[    0.310019] pci_bus 0000:00: root bus resource [mem 0x20000000-0xfdffffff window]
[    0.312011] pci_bus 0000:00: root bus resource [bus 00-ff]
[    0.316463] pci 0000:00:01.1: legacy IDE quirk: reg 0x10: [io  0x01f0-0x01f7]
[    0.317790] pci 0000:00:01.1: legacy IDE quirk: reg 0x14: [io  0x03f6]
[    0.318962] pci 0000:00:01.1: legacy IDE quirk: reg 0x18: [io  0x0170-0x0177]
[    0.320003] pci 0000:00:01.1: legacy IDE quirk: reg 0x1c: [io  0x0376]
[    0.333090] pci 0000:00:07.0: quirk: [io  0x4000-0x403f] claimed by PIIX4 ACPI
[    0.334612] pci 0000:00:07.0: quirk: [io  0x4100-0x410f] claimed by PIIX4 SMB
[    0.340077] ACPI: PCI Interrupt Link [LNKA] (IRQs 5 9 10 *11)
[    0.341616] ACPI: PCI Interrupt Link [LNKB] (IRQs 5 9 *10 11)
[    0.342854] ACPI: PCI Interrupt Link [LNKC] (IRQs 5 *9 10 11)
[    0.344171] ACPI: PCI Interrupt Link [LNKD] (IRQs 5 9 10 *11)
[    0.348473] SCSI subsystem initialized
[    0.349358] pci 0000:00:02.0: vgaarb: setting as boot VGA device
[    0.350511] pci 0000:00:02.0: vgaarb: VGA device added: decodes=io+mem,owns=io+mem,locks=none
[    0.352007] pci 0000:00:02.0: vgaarb: bridge control possible
[    0.353092] vgaarb: loaded
[    0.353684] ACPI: bus type USB registered
[    0.354512] usbcore: registered new interface driver usbfs
[    0.356020] usbcore: registered new interface driver hub
[    0.357168] usbcore: registered new device driver usb
[    0.358230] EDAC MC: Ver: 3.0.0
[    0.359208] PCI: Using ACPI for IRQ routing
[    0.360565] NetLabel: Initializing
[    0.364003] NetLabel:  domain hash size = 128
[    0.364828] NetLabel:  protocols = UNLABELED CIPSOv4 CALIPSO
[    0.365901] NetLabel:  unlabeled traffic allowed by default
[    0.368115] clocksource: Switched to clocksource kvm-clock
[    0.393574] VFS: Disk quotas dquot_6.6.0
[    0.394390] VFS: Dquot-cache hash table entries: 512 (order 0, 4096 bytes)
[    0.395719] AppArmor: AppArmor Filesystem Enabled
[    0.396653] pnp: PnP ACPI init
[    0.398423] pnp: PnP ACPI: found 3 devices
[    0.404802] clocksource: acpi_pm: mask: 0xffffff max_cycles: 0xffffff, max_idle_ns: 2085701024 ns
[    0.406501] NET: Registered protocol family 2
[    0.414969] IP idents hash table entries: 8192 (order: 4, 65536 bytes)
[    0.416268] TCP established hash table entries: 4096 (order: 3, 32768 bytes)
[    0.417599] TCP bind hash table entries: 4096 (order: 4, 65536 bytes)
[    0.418731] TCP: Hash tables configured (established 4096 bind 4096)
[    0.419906] UDP hash table entries: 256 (order: 1, 8192 bytes)
[    0.421089] UDP-Lite hash table entries: 256 (order: 1, 8192 bytes)
[    0.425752] NET: Registered protocol family 1
[    0.439092] pci 0000:00:00.0: Limiting direct PCI/PCI transfers
[    0.444737] pci 0000:00:01.0: Activating ISA DMA hang workarounds
[    0.453661] pci 0000:00:02.0: Video device with shadowed ROM at [mem 0x000c0000-0x000dffff]
[    0.455258] Unpacking initramfs...
[    0.842930] Freeing initrd memory: 20388K
[    0.900871] clocksource: tsc: mask: 0xffffffffffffffff max_cycles: 0x23fa79125d1, max_idle_ns: 440795329579 ns
[    0.937633] platform rtc_cmos: registered platform RTC device (no PNP device found)
[    0.946863] Scanning for low memory corruption every 60 seconds
[    0.975368] Initialise system trusted keyrings
[    1.006571] Key type blacklist registered
[    1.036860] workingset: timestamp_bits=36 max_order=17 bucket_order=0
[    1.053113] zbud: loaded
[    1.054571] squashfs: version 4.0 (2009/01/31) Phillip Lougher
[    1.059089] fuse init (API version 7.26)
[    1.072418] Key type asymmetric registered
[    1.073446] Asymmetric key parser 'x509' registered
[    1.098629] Block layer SCSI generic (bsg) driver version 0.4 loaded (major 246)
[    1.100230] io scheduler noop registered
[    1.102231] io scheduler deadline registered
[    1.110302] io scheduler cfq registered (default)
[    1.114374] ACPI: AC Adapter [AC] (on-line)
[    1.140307] input: Power Button as /devices/LNXSYSTM:00/LNXPWRBN:00/input/input0
[    1.151007] ACPI: Power Button [PWRF]
[    1.176630] input: Sleep Button as /devices/LNXSYSTM:00/LNXSLPBN:00/input/input1
[    1.217669] ACPI: Sleep Button [SLPF]
[    1.268035] ACPI: Battery Slot [BAT0] (battery present)
[    1.297812] Serial: 8250/16550 driver, 32 ports, IRQ sharing enabled
[    1.342407] 00:02: ttyS0 at I/O 0x3f8 (irq = 4, base_baud = 115200) is a 16550A
[    1.394099] Linux agpgart interface v0.103
[    1.414697] loop: module loaded
[    1.490500] scsi host0: ata_piix
[    1.518686] scsi host1: ata_piix
[    1.526518] ata1: PATA max UDMA/33 cmd 0x1f0 ctl 0x3f6 bmdma 0xd000 irq 14
[    1.565146] ata2: PATA max UDMA/33 cmd 0x170 ctl 0x376 bmdma 0xd008 irq 15
[    1.567157] libphy: Fixed MDIO Bus: probed
[    1.568138] tun: Universal TUN/TAP device driver, 1.6
[    1.569636] PPP generic driver version 2.4.2
[    1.570694] ehci_hcd: USB 2.0 'Enhanced' Host Controller (EHCI) Driver
[    1.585494] ehci-pci: EHCI PCI platform driver
[    1.605893] ehci-platform: EHCI generic platform driver
[    1.662288] ohci_hcd: USB 1.1 'Open' Host Controller (OHCI) Driver
[    1.682390] ohci-pci: OHCI PCI platform driver
[    1.711110] ohci-platform: OHCI generic platform driver
[    1.755373] uhci_hcd: USB Universal Host Controller Interface driver
[    1.763649] i8042: PNP: PS/2 Controller [PNP0303:PS2K,PNP0f03:PS2M] at 0x60,0x64 irq 1,12
[    1.767168] serio: i8042 KBD port at 0x60,0x64 irq 1
[    1.812803] serio: i8042 AUX port at 0x60,0x64 irq 12
[    1.881074] mousedev: PS/2 mouse device common for all mice
[    1.898323] input: AT Translated Set 2 keyboard as /devices/platform/i8042/serio0/input/input2
[    1.918359] rtc_cmos rtc_cmos: rtc core: registered rtc_cmos as rtc0
[    1.936454] rtc_cmos rtc_cmos: alarms up to one day, 114 bytes nvram
[    1.937593] i2c /dev entries driver
[    1.938349] device-mapper: uevent: version 1.0.3
[    1.939567] device-mapper: ioctl: 4.37.0-ioctl (2017-09-20) initialised: dm-devel@redhat.com
[    1.970833] ledtrig-cpu: registered to indicate activity on CPUs
[    2.049834] intel_pmc_core:  initialized
[    2.060185] NET: Registered protocol family 10
[    2.095927] Segment Routing with IPv6
[    2.139478] NET: Registered protocol family 17
[    2.149626] Key type dns_resolver registered
[    2.150713] mce: Using 0 MCE banks
[    2.153654] RAS: Correctable Errors collector initialized.
[    2.163449] sched_clock: Marking stable (2163391465, 0)->(2756505622, -593114157)
[    2.165078] registered taskstats version 1
[    2.175634] Loading compiled-in X.509 certificates
[    2.192088] Loaded X.509 cert 'Build time autogenerated kernel key: f60a4c8d126e94dbf36c5faa43fb49029eeea9a9'
[    2.195210] Loaded X.509 cert 'Canonical Ltd. Live Patch Signing: 14df34d1a87cf37625abec039ef2bf521249b969'
[    2.231958] Loaded X.509 cert 'Canonical Ltd. Kernel Module Signing: 88f752e560a1e0737e31163a466ad7b70a850c19'
[    2.247602] zswap: loaded using pool lzo/zbud
[    2.282118] Key type big_key registered
[    2.296872] Key type trusted registered
[    2.364621] Key type encrypted registered
[    2.389552] AppArmor: AppArmor sha1 policy hashing enabled
[    2.399988] ima: No TPM chip found, activating TPM-bypass! (rc=-19)
[    2.459956] ima: Allocated hash algorithm: sha1
[    2.484170] evm: HMAC attrs: 0x1
[    2.528111]   Magic number: 1:497:134
[    2.551198] pci 0000:00:03.0: hash matches
[    2.575950] rtc_cmos rtc_cmos: setting system clock to 2021-12-24 15:06:26 UTC (1640358386)
[    2.581699] BIOS EDD facility v0.16 2004-Jun-25, 0 devices found
[    2.616805] EDD information not available.
[    2.627372] Freeing unused kernel image memory: 2448K
[    2.640751] Write protecting the kernel read-only data: 20480k
[    2.670146] Freeing unused kernel image memory: 2008K
[    2.681467] Freeing unused kernel image memory: 1824K
[    2.718259] x86/mm: Checked W+X mappings: passed, no W+X pages found.
[    2.766927] x86/mm: Checking user space page tables
[    2.779125] x86/mm: Checked W+X mappings: passed, no W+X pages found.
Loading, please wait...
starting version 237
[    2.916566] e1000: Intel(R) PRO/1000 Network Driver - version 7.3.21-k8-NAPI
[    2.992985] e1000: Copyright (c) 1999-2006 Intel Corporation.
[    3.008047] Fusion MPT base driver 3.04.20
[    3.051168] Copyright (c) 1999-2008 LSI Corporation
[    3.100024] AVX2 version of gcm_enc/dec engaged.
[    3.157619] AES CTR mode by8 optimization enabled
[    3.206358] Fusion MPT SPI Host driver 3.04.20
[    3.208667] mptbase: ioc0: Initiating bringup
[    3.278419] input: ImExPS/2 Generic Explorer Mouse as /devices/platform/i8042/serio1/input/input4
[    3.324890] ioc0: LSI53C1030 A0: Capabilities={Initiator}
[    3.609511] scsi host2: ioc0: LSI53C1030 A0, FwRev=00000000h, Ports=1, MaxQ=256, IRQ=20
[    3.980975] scsi 2:0:0:0: Direct-Access     VBOX     HARDDISK         1.0  PQ: 0 ANSI: 5
[    3.983277] scsi target2:0:0: Beginning Domain Validation
[    3.988779] random: fast init done
[    3.994081] scsi target2:0:0: Domain Validation skipping write tests
[    3.996928] scsi target2:0:0: Ending Domain Validation
[    3.998371] scsi target2:0:0: asynchronous
[    3.999963] scsi 2:0:1:0: Direct-Access     VBOX     HARDDISK         1.0  PQ: 0 ANSI: 5
[    4.006930] scsi target2:0:1: Beginning Domain Validation
[    4.019687] scsi target2:0:1: Domain Validation skipping write tests
[    4.022298] scsi target2:0:1: Ending Domain Validation
[    4.118196] scsi target2:0:1: asynchronous
[    4.245922] sd 2:0:0:0: [sda] 83886080 512-byte logical blocks: (42.9 GB/40.0 GiB)
[    4.247573] sd 2:0:0:0: Attached scsi generic sg0 type 0
[    4.248625] sd 2:0:0:0: [sda] Write Protect is off
[    4.249701] sd 2:0:0:0: [sda] Incomplete mode parameter data
[    4.251362] sd 2:0:0:0: [sda] Assuming drive cache: write through
[    4.255640] sd 2:0:1:0: Attached scsi generic sg1 type 0
[    4.257224] random: systemd-udevd: uninitialized urandom read (16 bytes read)
[    4.258572] random: systemd-udevd: uninitialized urandom read (16 bytes read)
[    4.259930] random: systemd-udevd: uninitialized urandom read (16 bytes read)
[    4.261532] sd 2:0:1:0: [sdb] 20480 512-byte logical blocks: (10.5 MB/10.0 MiB)
[    4.263099] sd 2:0:1:0: [sdb] Write Protect is off
[    4.264094] sd 2:0:1:0: [sdb] Incomplete mode parameter data
[    4.265160] sd 2:0:1:0: [sdb] Assuming drive cache: write through
[    4.276646]  sda: sda1
[    4.277783] sd 2:0:0:0: [sda] Attached SCSI disk
[    4.280107] sd 2:0:1:0: [sdb] Attached SCSI disk
[    4.569860] e1000 0000:00:03.0 eth0: (PCI:33MHz:32-bit) 02:2d:44:18:82:0e
[    4.607205] e1000 0000:00:03.0 eth0: Intel(R) PRO/1000 Network Connection
[    4.665661] e1000 0000:00:03.0 enp0s3: renamed from eth0
Begin: Loading essential drivers ... [    6.196502] raid6: sse2x1   gen()  9711 MB/s
[    6.264377] raid6: sse2x1   xor()  6998 MB/s
[    6.312177] raid6: sse2x2   gen() 11511 MB/s
[    6.360547] raid6: sse2x2   xor()  7498 MB/s
[    6.416760] raid6: sse2x4   gen()  8615 MB/s
[    6.465646] raid6: sse2x4   xor()  1565 MB/s
[    6.581085] raid6: avx2x1   gen() 17155 MB/s
[    6.628374] raid6: avx2x1   xor() 11263 MB/s
[    6.676221] raid6: avx2x2   gen() 23251 MB/s
[    6.728545] raid6: avx2x2   xor()  4971 MB/s
[    6.841491] raid6: avx2x4   gen() 10266 MB/s
[    6.893094] raid6: avx2x4   xor()  7265 MB/s
[    6.894031] raid6: using algorithm avx2x2 gen() 23251 MB/s
[    6.902518] raid6: .... xor() 4971 MB/s, rmw enabled
[    6.995081] raid6: using avx2x2 recovery algorithm
[    6.999514] xor: automatically using best checksumming function   avx       
[    7.012151] async_tx: api initialized (async)
done.
Begin: Running /scripts/init-premount ... done.
Begin: Mounting root file system ... Begin: Running /scripts/local-top ... done.
Begin: Running /scripts/local-premount ... [    7.216079] Btrfs loaded, crc32c=crc32c-intel
Scanning for Btrfs filesystems
done.
Begin: Will now check root file system ... fsck from util-linux 2.31.1
[/sbin/fsck.ext4 (1) -- /dev/sda1] fsck.ext4 -a -C0 /dev/sda1 
cloudimg-rootfs: clean, 102485/5120000 files, 782025/10485499 blocks
done.
[    7.277809] EXT4-fs (sda1): mounted filesystem with ordered data mode. Opts: (null)
done.
Begin: Running /scripts/local-bottom ... done.
Begin: Running /scripts/init-bottom ... done.
[    7.558840] ip_tables: (C) 2000-2006 Netfilter Core Team
[    7.668624] systemd[1]: systemd 237 running in system mode. (+PAM +AUDIT +SELINUX +IMA +APPARMOR +SMACK +SYSVINIT +UTMP +LIBCRYPTSETUP +GCRYPT +GNUTLS +ACL +XZ +LZ4 +SECCOMP +BLKID +ELFUTILS +KMOD -IDN2 +IDN -PCRE2 default-hierarchy=hybrid)
[    7.745125] systemd[1]: Detected virtualization oracle.
[    7.798876] systemd[1]: Detected architecture x86-64.

Welcome to [1mUbuntu 18.04.6 LTS[0m!

[    7.837255] systemd[1]: Set hostname to <ubuntu-bionic>.
[    8.252796] systemd[1]: Set up automount Arbitrary Executable File Formats File System Automount Point.
[[0;32m  OK  [0m] Set up automount Arbitrary Executabâ€¦rmats File System Automount Point.
[    8.316408] systemd[1]: Reached target User and Group Name Lookups.
[[0;32m  OK  [0m] Reached target User and Group Name Lookups.
[    8.363505] systemd[1]: Created slice System Slice.
[[0;32m  OK  [0m] Created slice System Slice.
[    8.408770] systemd[1]: Listening on fsck to fsckd communication Socket.
[[0;32m  OK  [0m] Listening on fsck to fsckd communication Socket.
[    8.480965] systemd[1]: Listening on Journal Socket.
[[0;32m  OK  [0m] Listening on Journal Socket.
[    8.516942] systemd[1]: Mounting Kernel Debug File System...
         Mounting Kernel Debug File System...
[[0;32m  OK  [0m] Created slice system-postgresql.slice.
[[0;32m  OK  [0m] Listening on Journal Audit Socket.
[[0;32m  OK  [0m] Listening on /dev/initctl Compatibility Named Pipe.
[[0;32m  OK  [0m] Listening on udev Control Socket.
[[0;32m  OK  [0m] Listening on udev Kernel Socket.
[[0;32m  OK  [0m] Created slice system-serial\x2dgetty.slice.
         Starting udev Coldplug all Devices...
[[0;32m  OK  [0m] Listening on Syslog Socket.
         Starting Uncomplicated firewall...
[[0;32m  OK  [0m] Reached target System Time Synchronized.
[[0;32m  OK  [0m] Listening on Network Service Netlink Socket.
[[0;32m  OK  [0m] Listening on LVM2 metadata daemon socket.
[[0;32m  OK  [0m] Listening on Device-mapper event daemon FIFOs.
[[0;32m  OK  [0m] Listening on Journal Socket (/dev/log).
         Starting Remount Root and Kernel File Systems...
         Starting Monitoring of LVM2 mirrorsâ€¦ng dmeventd or progress polling...
[[0;32m  OK  [0m] Listening on LVM2 poll daemon socket.
         Mounting POSIX Message Queue File System...
         Starting Set the console keyboard layout...
         Starting Journal Service...
[[0;32m  OK  [0m] Started Forward Password Requ[    8.902797] EXT4-fs (sda1): re-mounted. Opts: (null)
ests to Wall Directory Watch.
[[0;32m  OK  [0m] Created slice User and Session Slice.
[[0;32m  OK  [0m] Reached target Slices.
         Starting Load Kernel Modules...
[    9.036882] Loading iSCSI transport class v2.0-870.
[[0;32m  OK  [0m] Reached target Swap.
         Starting Create [    9.110470] random: crng init done
[    9.148006] random: 7 urandom warning(s) missed due to ratelimiting
list of required stâ€¦ce nodes f[    9.163287] iscsi: registered transport (tcp)
or the current kernel...
         Mounting Huge Pages File System...
[[0;32m  OK  [0m] Started Journal Service.
[[0;32m  OK  [0[    9.270291] iscsi: registered transport (iser)
m] Mounted Kernel Debug File System.
[[0;32m  OK  [0m] Started Uncomplicated firewall.
[[0;32m  OK  [0m] Started Remount Root and Kernel File Systems.
[[0;32m  OK  [0m] Mounted POSIX Message Queue File System.
[[0;32m  OK  [0m] Started Set the console keyboard layout.
[[0;32m  OK  [0m] Started Load Kernel Modules.
[[0;32m  OK  [0m] Started Create list of required staâ€¦vice nodes for the current kernel.
[[0;32m  OK  [0m] Mounted Huge Pages File System.
[[0;32m  OK  [0m] Started udev Coldplug all Devices.
[[0;32m  OK  [0m] Started LVM2 metadata daemon.
         Starting Create Static Device Nodes in /dev...
         Mounting FUSE Control File System...
         Mounting Kernel Configuration File System...
         Starting Apply Kernel Variables...
         Starting Load/Save Random Seed...
         Starting Flush Journal to Persistent Storage...
[[0;32m  OK  [0m] Started Create Static Device Nodes in /dev.
[[0;32m  OK  [0m] Mounted FUSE Control File System.
[[0;32m  OK  [0m] Mounted Kernel Configuration File System.
[[0;32m  OK  [0m] Started Monitoring of LVM2 mirrors,â€¦sing dmeventd or progress polling.
[[0;32m  OK  [0m] Started Apply Kernel Variables.
[[0;32m  OK  [0m] Started Load/Save Random Seed.
         Starting udev Kernel Device Manager...
[[0;32m  OK  [0m] Reached target Local File Systems (Pre).
[[0;32m  OK  [0m] Reached target Local File Systems.
         Starting Set console font and keymap...
         Starting AppArmor initialization...
         Starting ebtables ruleset management...
         Starting Tell Plymouth To Write Out Runtime Data...
[[0;32m  OK  [0m] Started Set console font and keymap.
[[0;32m  OK  [0m] Started udev Kernel Device Manager.
[[0;32m  OK  [0m] Started Dispatch Password Requests to Console Directory Watch.
[[0;32m  OK  [0m] Reached target Local Encrypted Volumes.
[[0;32m  OK  [0m] Started Tell Plymouth To Write Out Runtime Data.
[[0;32m  OK  [0m] Started Flush Journal to Persistent Storage.
         Starting Create Volatile Files and Directories...
[[0;32m  OK  [0m] Started ebtables ruleset management.
[[0;32m  OK  [0m] Started Create Volatile Files and Directories.
         Starting Update UTMP about System Boot/Shutdown...
[[0;32m  OK  [0m] Started Update UTMP about System Boot/Shutdown.
[[0;32m  OK  [0m] Started AppArmor initialization.
         Starting Load AppArmor profiles managed internally by snapd...
         Starting Initial cloud-init job (pre-networking)...
[[0;32m  OK  [0m] Started Load AppArmor profiles managed internally by snapd.
[[0;32m  OK  [0m] Found device /dev/ttyS0.
[[0;32m  OK  [0m] Listening on Load/Save RF Kill Switch Status /dev/rfkill Watch.
[   12.343402] cloud-init[529]: Cloud-init v. 21.2-3-g899bfaa9-0ubuntu2~18.04.1 running 'init-local' at Fri, 24 Dec 2021 15:06:35 +0000. Up 12.04 seconds.
[[0;32m  OK  [0m] Started Initial cloud-init job (pre-networking).
[[0;32m  OK  [0m] Reached target Network (Pre).
         Starting Network Service...
[[0;32m  OK  [0m] Started Network Service.
         Starting Network Name Resolution...
         Starting Wait for Network to be Configured...
[[0;32m  OK  [0m] Started Network Name Resolution.
[[0;32m  OK  [0m] Reached target Host and Network Name Lookups.
[[0;32m  OK  [0m] Reached target Network.
[[0;32m  OK  [0m] Started Wait for Network to be Configured.
         Starting Initial cloud-init job (metadata service crawler)...
[   15.387024] cloud-init[678]: Cloud-init v. 21.2-3-g899bfaa9-0ubuntu2~18.04.1 running 'init' at Fri, 24 Dec 2021 15:06:38 +0000. Up 14.87 seconds.
[   15.488221] cloud-init[678]: ci-info: ++++++++++++++++++++++++++++++++++++++Net device info++++++++++++++++++++++++++++++++++++++
[   15.538117] cloud-init[678]: ci-info: +--------+------+----------------------------+---------------+--------+-------------------+
[   15.580652] cloud-init[678]: ci-info: | Device |  Up  |          Address           |      Mask     | Scope  |     Hw-Address    |
[[0;32m  OK  [0m] Started Initial cloud-init job (metadata service crawler).
[[0;32m  OK  [0m] Reached target Network is Online.
[   15.649877] cloud-init[678]: ci-info: +--------+------+----------------------------+---------------+--------+-------------------+
         [   15.724212] cloud-init[678]: ci-info: | enp0s3 | True |         10.0.2.15          | 255.255.255.0 | global | 02:2d:44:18:82:0e |
[   15.724288] cloud-init[678]: ci-info: | enp0s3 | True | fe80::2d:44ff:fe18:820e/64 |       .       |  link  | 02:2d:44:18:82:0e |
[   15.724334] cloud-init[678]: ci-info: |   lo   | True |         127.0.0.1          |   255.0.0.0   |  host  |         .         |
[   15.724387] cloud-init[678]: ci-info: |   lo   | True |          ::1/128           |       .       |  host  |         .         |
[   15.724456] cloud-init[678]: ci-info: +--------+------+----------------------------+---------------+--------+-------------------+
[   15.724505] cloud-init[678]: ci-info: ++++++++++++++++++++++++++++Route IPv4 info+++++++++++++++++++++++++++++
[   15.724548] cloud-init[678]: ci-info: +-------+-------------+----------+-----------------+-----------+-------+
[   15.724609] cloud-init[678]: ci-info: | Route | Destination | Gateway  |     Genmask     | Interface | Flags |
[   15.724658] cloud-init[678]: ci-info: +-------+-------------+----------+-----------------+-----------+-------+
[   15.724706] cloud-init[678]: ci-info: |   0   |   0.0.0.0   | 10.0.2.2 |     0.0.0.0     |   enp0s3  |   UG  |
[   15.724754] cloud-init[678]: ci-info: |   1   |   10.0.2.0  | 0.0.0.0  |  255.255.255.0  |   enp0s3  |   U   |
[   15.724798] cloud-init[678]: ci-info: |   2   |   10.0.2.2  | 0.0.0.0  | 255.255.255.255 |   enp0s3  |   UH  |
[   15.724845] cloud-init[678]: ci-info: +-------+-------------+----------+-----------------+-----------+-------+
[   15.724888] cloud-init[678]: ci-info: +++++++++++++++++++Route IPv6 info+++++++++++++++++++
[   15.724930] cloud-init[678]: ci-info: +-------+-------------+---------+-----------+-------+
[   15.724981] cloud-init[678]: ci-info: | Route | Destination | Gateway | Interface | Flags |
[   15.725024] cloud-init[678]: ci-info: +-------+-------------+---------+-----------+-------+
[   15.725071] cloud-init[678]: ci-info: |   1   |  fe80::/64  |    ::   |   enp0s3  |   U   |
[   15.725389] cloud-init[678]: ci-info: |   3   |    local    |    ::   |   enp0s3  |   U   |
[   15.725473] cloud-init[678]: ci-info: |   4   |   ff00::/8  |    ::   |   enp0s3  |   U   |
[   15.725523] cloud-init[678]: ci-info: +-------+-------------+---------+-----------+-------+
Starting Availability of block devices...
[[0;32m  OK  [0m] Reached target Remote File Systems (Pre).
[[0;32m  OK  [0m] Reached target Remote File Systems.
[[0;32m  OK  [0m] Reached target Cloud-config availability.
[[0;32m  OK  [0m] Reached target System Initialization.
[[0;32m  OK  [0m] Listening on UUID daemon activation socket.
[[0;32m  OK  [0m] Started ACPI Events Check.
[[0;32m  OK  [0m] Listening on Open-iSCSI iscsid Socket.
[[0;32m  OK  [0m] Listening on D-Bus System Message Bus Socket.
[[0;32m  OK  [0m] Started Ubuntu Advantage update messaging.
[[0;32m  OK  [0m] Started Discard unused blocks once a week.
[[0;32m  OK  [0m] Listening on ACPID Listen Socket.
         Starting LXD - unix socket.
[[0;32m  OK  [0m] Started Message of the Day.
[[0;32m  OK  [0m] Started Daily Cleanup of Temporary Directories.
         Starting Socket activation for snappy daemon.
[[0;32m  OK  [0m] Started Daily apt download activities.
[[0;32m  OK  [0m] Started Daily apt upgrade and clean activities.
[[0;32m  OK  [0m] Reached target Timers.
[[0;32m  OK  [0m] Reached target Paths.
[[0;32m  OK  [0m] Started Availability of block devices.
[[0;32m  OK  [0m] Listening on LXD - unix socket.
[[0;32m  OK  [0m] Listening on Socket activation for snappy daemon.
[[0;32m  OK  [0m] Reached target Sockets.
[[0;32m  OK  [0m] Reached target Basic System.
[[0;32m  OK  [0m] Started D-Bus System Message Bus.
[[0;32m  OK  [0m] Started Deferred execution scheduler.
[[0;32m  OK  [0m] Started irqbalance daemon.
         Starting System Logging Service...
         Starting Login Service...
         Starting Dispatcher daemon for systemd-networkd...
         Starting LSB: Record successful boot for GRUB...
         Starting Accounts Service...
         Starting PostgreSQL Cluster 12-main...
         Starting Resets System Activity Data Collector...
         Starting OpenBSD Secure Shell server...
         Starting LSB: automatic crash report generation...
[[0;32m  OK  [0m] Started Regular background program processing daemon.
         Starting Permit User Sessions...
         Starting Virtualbox guest utils...
         Starting Snap Daemon...
[[0;32m  OK  [0m] Started FUSE filesystem for LXC.
         Starting LXD - container startup/shutdown...
[[0;32m  OK  [0m] Started System Logging Service.
[[0;32m  OK  [0m] Started Dispatcher daemon for systemd-networkd.
[[0;32m  OK  [0m] Started Resets System Activity Data Collector.
[[0;32m  OK  [0m] Started Permit User Sessions.
[[0;32m  OK  [0m] Started Login Service.
[[0;32m  OK  [0m] Started OpenBSD Secure Shell server.
         Starting Authorization Manager...
[[0;32m  OK  [0m] Started Unattended Upgrades Shutdown.
         Starting Hold until boot process finishes up...
         Starting Terminate Plymouth Boot Screen...
[[0;32m  OK  [0m] Started LSB: Record successful boot for GRUB.
[[0;32m  OK  [0m] Started LSB: automatic crash report generation.
[[0;32m  OK  [0m] Started Hold until boot process finishes up.
[[0;32m  OK  [0m] Started Terminate Plymouth Boot Screen.
[[0;32m  OK  [0m] Started Virtualbox guest utils.
[[0;32m  OK  [0m] Started Authorization Manager.
[[0;32m  OK  [0m] Started Accounts Service.
         Starting Set console scheme...
[[0;32m  OK  [0m] Started Serial Getty on ttyS0.
[[0;32m  OK  [0m] Started LXD - container startup/shutdown.
[[0;32m  OK  [0m] Started Set console scheme.
[[0;32m  OK  [0m] Created slice system-getty.slice.
[[0;32m  OK  [0m] Started Getty on tty1.
[[0;32m  OK  [0m] Reached target Login Prompts.
[[0;32m  OK  [0m] Started Snap Daemon.
         Starting Wait until snapd is fully seeded...
[[0;32m  OK  [0m] Started Wait until snapd is fully seeded.
         Starting Apply the settings specified in cloud-config...
[   20.016857] cloud-init[1121]: Cloud-init v. 21.2-3-g899bfaa9-0ubuntu2~18.04.1 running 'modules:config' at Fri, 24 Dec 2021 15:06:43 +0000. Up 19.85 seconds.
[[0;32m  OK  [0m] Started Apply the settings specified in cloud-config.
[[0;32m  OK  [0m] Started PostgreSQL Cluster 12-main.
         Starting PostgreSQL RDBMS...
[[0;32m  OK  [0m] Started PostgreSQL RDBMS.
[[0;32m  OK  [0m] Reached target Multi-User System.
         Starting Execute cloud user/final scripts...
[[0;32m  OK  [0m] Reached target Graphical Interface.
         Starting Update UTMP about System Runlevel Changes...
[[0;32m  OK  [0m] Started Update UTMP about System Runlevel Changes.
[   22.156966] cloud-init[1201]: Cloud-init v. 21.2-3-g899bfaa9-0ubuntu2~18.04.1 running 'modules:final' at Fri, 24 Dec 2021 15:06:45 +0000. Up 21.97 seconds.
[   22.209495] cloud-init[1201]: Cloud-init v. 21.2-3-g899bfaa9-0ubuntu2~18.04.1 finished at Fri, 24 Dec 2021 15:06:46 +0000. Datasource DataSourceNoCloud [seed=/dev/sdb][dsmode=net].  Up 22.14 seconds
[[0;32m  OK  [0m] Started Execute cloud user/final scripts.
[[0;32m  OK  [0m] Reached target Cloud-init target.

Ubuntu 18.04.6 LTS ubuntu-bionic ttyS0

ubuntu-bionic login: 